// Jest Snapshot v1, https://goo.gl/fbAQLP

exports[`GalleryAdmin component Matches the snapshot 1`] = `
<div
  className="makeStyles-styleGalleryAdminMainContent-1"
  id="galleryAdmin"
>
  <div
    className="makeStyles-button-4"
  >
    <CustomButton
      onClick={[Function]}
      value="Add"
    />
  </div>
  <div
    className="makeStyles-styleGrid-2"
  >
    <ImageCard
      handleDelete={[Function]}
      handleEdit={[Function]}
      image1={
        Object {
          "id": "1",
          "name": "Forest1",
          "url": "https://www.birmingham.ac.uk/Images/News/Forest-900.jpg",
        }
      }
      key="1"
    />
    <ImageCard
      handleDelete={[Function]}
      handleEdit={[Function]}
      image1={
        Object {
          "id": "2",
          "name": "Forest2",
          "url": "https://encrypted-tbn0.gstatic.com/images?q=tbn%3AANd9GcQIWGOJcO5wb_qh4welWgFUgsZPHXMetI-iVg&usqp=CAU",
        }
      }
      key="2"
    />
    <ImageCard
      handleDelete={[Function]}
      handleEdit={[Function]}
      image1={
        Object {
          "id": "3",
          "name": "Forest3",
          "url": "https://miro.medium.com/max/8576/0*zBu6EBAwjXXXHz-z",
        }
      }
      key="3"
    />
    <ImageCard
      handleDelete={[Function]}
      handleEdit={[Function]}
      image1={
        Object {
          "id": "4",
          "name": "Forest4",
          "url": "https://api.timeforkids.com/wp-content/uploads/2019/09/final-cover-forest.jpg",
        }
      }
      key="4"
    />
    <ImageCard
      handleDelete={[Function]}
      handleEdit={[Function]}
      image1={
        Object {
          "id": "5",
          "name": "Forest5",
          "url": "https://www.orfonline.org/wp-content/uploads/2020/03/India-forests-1280x720.jpg",
        }
      }
      key="5"
    />
    <ImageCard
      handleDelete={[Function]}
      handleEdit={[Function]}
      image1={
        Object {
          "id": "6",
          "name": "Forest6",
          "url": "https://encrypted-tbn0.gstatic.com/images?q=tbn%3AANd9GcQfbbQr8RYShw7zga6H2q9kTF78VpUMq22VGA&usqp=CAU",
        }
      }
      key="6"
    />
  </div>
</div>
`;
