// Jest Snapshot v1, https://goo.gl/fbAQLP

exports[`InputField component Matches the snapshot 1`] = `
<div
  className="makeStyles-styleInputFields-1"
  id="inputField"
>
  <WithStyles(ForwardRef(Input))
    inputProps={
      Object {
        "data-testid": undefined,
      }
    }
    required={true}
    style={
      Object {
        "color": "#000",
      }
    }
  />
</div>
`;
